// Jest Snapshot v1, https://goo.gl/fbAQLP

exports[`FavoriteActionButton Component Rendering should display component 1`] = `
<button
  className="btn m-2 absolute bottom-0 left-0 border-2 p-2 bg-green-500 border-green-900 rounded"
  onClick={[Function]}
>
  Enregistrer dans les favoris
</button>
`;
