// Jest Snapshot v1, https://goo.gl/fbAQLP

exports[`Favorites Component Rendering should display component 1`] = `<Loader />`;
