// Jest Snapshot v1, https://goo.gl/fbAQLP

exports[`FavoriteCard Component Rendering should display component 1`] = `
<div
  className="my-1 px-1 w-full md:w-1/2 lg:my-4 lg:px-4 lg:w-1/3 xl:w-1/5 rounded overflow-hidden shadow-lg h-auto relative"
>
  <img
    alt="Sunset in the mountains"
    className="w-full"
    src="[[URL]]"
  />
  <div
    className="px-6 py-4"
  >
    <div
      className="font-bold text-xl mb-2"
    >
      [[NAME]]
    </div>
    <div
      className="font-bold text-lg mb-2"
    >
      [[NAME]]
    </div>
    <p
      className="text-gray-700 text-base"
    >
      [[]]
    </p>
  </div>
  <div
    className="mt-16"
  >
    <FavoriteActionButton
      favorite={
        Object {
          "added_at": "[[DATE]]",
          "track": Object {
            "album": Object {
              "album_type": "[[ALBUM_TYPE]]",
              "artists": Array [
                Object {
                  "external_urls": Object {
                    "spotify": "[[SPOTIFY]]",
                  },
                  "href": "[[HREF]]",
                  "id": "[[ID]]",
                  "name": "[[NAME]]",
                  "type": "[[TYPE]]",
                  "uri": "[[URI]]",
                },
              ],
              "available_markets": Array [
                "[[AVAILABLE_MARKET]]",
              ],
              "external_urls": Object {
                "spotify": "[[SPOTIFY]]",
              },
              "href": "[[HREF]]",
              "id": "[[ID]]",
              "images": Array [
                Object {
                  "height": 2,
                  "url": "[[URL]]",
                  "width": 2,
                },
                Object {
                  "height": 2,
                  "url": "[[URL]]",
                  "width": 2,
                },
                Object {
                  "height": 2,
                  "url": "[[URL]]",
                  "width": 2,
                },
              ],
              "name": "[[NAME]]",
              "release_date": "[[RELEASE_DATE]]",
              "release_date_precision": "[[RELEASE_DATE_PRECISION]]",
              "total_tracks": 2,
              "type": "[[TYPE]]",
              "uri": "[[URI]]",
            },
            "artists": Array [
              Object {
                "external_urls": Object {
                  "spotify": "[[SPOTIFY]]",
                },
                "href": "[[HREF]]",
                "id": "[[ID]]",
                "name": "[[NAME]]",
                "type": "[[TYPE]]",
                "uri": "[[URI]]",
              },
            ],
            "available_markets": Array [
              "[[AVAILABLE_MARKET]]",
            ],
            "disc_number": 2,
            "duration_ms": 2,
            "explicit": true,
            "external_ids": Object {
              "isrc": "[[ISRC]]",
            },
            "external_urls": Object {
              "spotify": "[[SPOTIFY]]",
            },
            "href": "[[HREF]]",
            "id": "[[ID]]",
            "is_local": false,
            "name": "[[]]",
            "popularity": 2,
            "preview_url": "[[PREVIEW_URL]]",
            "track_number": 2,
            "type": "[[TYPE]]",
            "uri": "[[URI]]",
          },
        }
      }
      isActive={true}
      setIsActive={[Function]}
    />
  </div>
</div>
`;
