// Jest Snapshot v1, https://goo.gl/fbAQLP

exports[`Homepage Component Rendering should display component 1`] = `
<div>
  <button
    className="btn border-2 p-2"
    onClick={[Function]}
  >
    Connectez-vous Ã  Spotify
  </button>
</div>
`;
